<html>
<body>
<pre>
<h1>礦ision Build Log</h1>
<h2>Tool Versions:</h2>
IDE-Version: μVision V5.29.0.0
Copyright (C) 2019 ARM Ltd and ARM Germany GmbH. All rights reserved.
License Information: Yan Yimning, wuzhou, LIC=NHY30-B3CKF-04HSQ-NKA5M-6EJBL-VFHCP
 
Tool Versions:
Toolchain:       MDK-ARM Professional  Version: 5.29.0.0
Toolchain Path:  C:\Keil\MDK5\ARM\ARMCC\Bin
C Compiler:      Armcc.exe V5.06 update 6 (build 750)
Assembler:       Armasm.exe V5.06 update 6 (build 750)
Linker/Locator:  ArmLink.exe V5.06 update 6 (build 750)
Library Manager: ArmAr.exe V5.06 update 6 (build 750)
Hex Converter:   FromElf.exe V5.06 update 6 (build 750)
CPU DLL:         SARMCM3.DLL V5.29.0.0
Dialog DLL:      DARMSTM.DLL V1.68.0.0
Target DLL:      Segger\JL2CM3.dll V2.99.36.0
Dialog DLL:      TARMSTM.DLL V1.66.0.0
 
<h2>Project:</h2>
C:\Users\Yimning\Desktop\基于ESP8266WiFi的仓库防火防潮监测报警应用系统的设计与实现\下位机\ATK-ESP8266 WIFI\USER\ATK_ESP8266.uvprojx
Project File Date:  06/18/2020

<h2>Output:</h2>
*** Using Compiler 'V5.06 update 6 (build 750)', folder: 'C:\Keil\MDK5\ARM\ARMCC\Bin'
Build target 'Target 1'
compiling wifiap.c...
..\ATK-ESP8266\wifiap.c(27): warning:  #177-D: variable "pdata"  was declared but never referenced
  	char *pdata;
..\ATK-ESP8266\wifiap.c(28): warning:  #177-D: variable "i"  was declared but never referenced
  	u16 i;
..\ATK-ESP8266\wifiap.c(29): warning:  #177-D: variable "data"  was declared but never referenced
     unsigned char data[256];    //代写数据数组
..\ATK-ESP8266\wifiap.c(30): warning:  #177-D: variable "d"  was declared but never referenced
    char *d="+IPD,0,3:#";			
..\ATK-ESP8266\wifiap.c: 4 warnings, 0 errors
linking...
Program Size: Code=41400 RO-data=7400 RW-data=544 ZI-data=1091072  
FromELF: creating hex file...
"..\OBJ\ATK_ESP8266.axf" - 0 Error(s), 4 Warning(s).

<h2>Software Packages used:</h2>

Package Vendor: Keil
                http://www.keil.com/pack/Keil.STM32F1xx_DFP.1.1.0.pack
                Keil.STM32F1xx_DFP.1.1.0
                STMicroelectronics STM32F1 Series Device Support, Drivers and Examples

<h2>Collection of Component include folders:</h2>
  .\RTE\_Target_1
  C:\Keil\MDK5\Packs\Keil\STM32F1xx_DFP\1.1.0\Device\Include

<h2>Collection of Component Files used:</h2>
Build Time Elapsed:  00:00:05
</pre>
</body>
</html>
